Defaulting to user installation because normal site-packages is not writeable
Obtaining barrier_crossing from git+https://github.com/RubberNoodles/barrier_crossing#egg=barrier_crossing
  Updating ./src/barrier-crossing clone
  Preparing metadata (setup.py): started
  Preparing metadata (setup.py): finished with status 'done'
Requirement already satisfied: numpy in /n/home07/ocheng/.local/lib/python3.8/site-packages (from barrier_crossing) (1.22.4)
Requirement already satisfied: matplotlib in /n/home07/ocheng/.local/lib/python3.8/site-packages (from barrier_crossing) (3.5.2)
Requirement already satisfied: scipy in /n/home07/ocheng/.local/lib/python3.8/site-packages (from barrier_crossing) (1.7.3)
Requirement already satisfied: tensorflow_probability in /n/home07/ocheng/.local/lib/python3.8/site-packages (from barrier_crossing) (0.17.0)
Requirement already satisfied: tqdm in /n/home07/ocheng/.local/lib/python3.8/site-packages (from barrier_crossing) (4.64.0)
Requirement already satisfied: typing in /n/home07/ocheng/.local/lib/python3.8/site-packages (from barrier_crossing) (3.7.4.3)
Requirement already satisfied: pandas in /n/home07/ocheng/.local/lib/python3.8/site-packages (from barrier_crossing) (1.4.3)
Requirement already satisfied: jaxlib in /n/home07/ocheng/.local/lib/python3.8/site-packages (from barrier_crossing) (0.3.22+cuda11.cudnn82)
Requirement already satisfied: jax in /n/home07/ocheng/.local/lib/python3.8/site-packages (from barrier_crossing) (0.3.23)
Requirement already satisfied: jraph in /n/home07/ocheng/.local/lib/python3.8/site-packages (from barrier_crossing) (0.0.5.dev0)
Requirement already satisfied: jax-md in /n/home07/ocheng/.local/lib/python3.8/site-packages (from barrier_crossing) (0.2.0)
Requirement already satisfied: absl-py in /n/home07/ocheng/.local/lib/python3.8/site-packages (from jax->barrier_crossing) (1.1.0)
Requirement already satisfied: opt-einsum in /n/home07/ocheng/.local/lib/python3.8/site-packages (from jax->barrier_crossing) (3.3.0)
Requirement already satisfied: etils[epath] in /n/home07/ocheng/.local/lib/python3.8/site-packages (from jax->barrier_crossing) (0.6.0)
Requirement already satisfied: typing-extensions in /n/home07/ocheng/.local/lib/python3.8/site-packages (from jax->barrier_crossing) (4.3.0)
Requirement already satisfied: dm-haiku>=0.0.2 in /n/home07/ocheng/.local/lib/python3.8/site-packages (from jax-md->barrier_crossing) (0.0.7)
Requirement already satisfied: dataclasses in /n/home07/ocheng/.local/lib/python3.8/site-packages (from jax-md->barrier_crossing) (0.6)
Requirement already satisfied: cycler>=0.10 in /n/home07/ocheng/.local/lib/python3.8/site-packages (from matplotlib->barrier_crossing) (0.11.0)
Requirement already satisfied: python-dateutil>=2.7 in /n/home07/ocheng/.local/lib/python3.8/site-packages (from matplotlib->barrier_crossing) (2.8.2)
Requirement already satisfied: pyparsing>=2.2.1 in /n/home07/ocheng/.local/lib/python3.8/site-packages (from matplotlib->barrier_crossing) (3.0.9)
Requirement already satisfied: fonttools>=4.22.0 in /n/home07/ocheng/.local/lib/python3.8/site-packages (from matplotlib->barrier_crossing) (4.34.4)
Requirement already satisfied: packaging>=20.0 in /n/home07/ocheng/.local/lib/python3.8/site-packages (from matplotlib->barrier_crossing) (21.3)
Requirement already satisfied: kiwisolver>=1.0.1 in /n/home07/ocheng/.local/lib/python3.8/site-packages (from matplotlib->barrier_crossing) (1.4.3)
Requirement already satisfied: pillow>=6.2.0 in /n/home07/ocheng/.local/lib/python3.8/site-packages (from matplotlib->barrier_crossing) (9.2.0)
Requirement already satisfied: pytz>=2020.1 in /n/home07/ocheng/.local/lib/python3.8/site-packages (from pandas->barrier_crossing) (2022.1)
Requirement already satisfied: dm-tree in /n/home07/ocheng/.local/lib/python3.8/site-packages (from tensorflow_probability->barrier_crossing) (0.1.7)
Requirement already satisfied: cloudpickle>=1.3 in /n/home07/ocheng/.local/lib/python3.8/site-packages (from tensorflow_probability->barrier_crossing) (2.1.0)
Requirement already satisfied: gast>=0.3.2 in /n/home07/ocheng/.local/lib/python3.8/site-packages (from tensorflow_probability->barrier_crossing) (0.5.3)
Requirement already satisfied: decorator in /n/home07/ocheng/.local/lib/python3.8/site-packages (from tensorflow_probability->barrier_crossing) (5.1.1)
Requirement already satisfied: six>=1.10.0 in /n/home07/ocheng/.local/lib/python3.8/site-packages (from tensorflow_probability->barrier_crossing) (1.16.0)
Requirement already satisfied: jmp>=0.0.2 in /n/home07/ocheng/.local/lib/python3.8/site-packages (from dm-haiku>=0.0.2->jax-md->barrier_crossing) (0.0.2)
Requirement already satisfied: tabulate>=0.8.9 in /n/home07/ocheng/.local/lib/python3.8/site-packages (from dm-haiku>=0.0.2->jax-md->barrier_crossing) (0.8.10)
Requirement already satisfied: importlib_resources in /n/home07/ocheng/.local/lib/python3.8/site-packages (from etils[epath]->jax->barrier_crossing) (5.8.0)
Requirement already satisfied: zipp in /n/home07/ocheng/.local/lib/python3.8/site-packages (from etils[epath]->jax->barrier_crossing) (3.8.1)
Installing collected packages: barrier_crossing
  Attempting uninstall: barrier_crossing
    Found existing installation: barrier-crossing 0.1.6.2
    Uninstalling barrier-crossing-0.1.6.2:
      Successfully uninstalled barrier-crossing-0.1.6.2
  Running setup.py develop for barrier_crossing
Successfully installed barrier_crossing-0.1.6.2
Defaulting to user installation because normal site-packages is not writeable
Requirement already satisfied: absl-py==1.1.0 in /n/home07/ocheng/.local/lib/python3.8/site-packages (from -r ./../../requirements.txt (line 1)) (1.1.0)
Requirement already satisfied: barrier-crossing==0.1.6.2 in ./src/barrier-crossing (from -r ./../../requirements.txt (line 2)) (0.1.6.2)
Requirement already satisfied: cloudpickle==2.1.0 in /n/home07/ocheng/.local/lib/python3.8/site-packages (from -r ./../../requirements.txt (line 3)) (2.1.0)
Requirement already satisfied: cycler==0.11.0 in /n/home07/ocheng/.local/lib/python3.8/site-packages (from -r ./../../requirements.txt (line 4)) (0.11.0)
Requirement already satisfied: dataclasses==0.6 in /n/home07/ocheng/.local/lib/python3.8/site-packages (from -r ./../../requirements.txt (line 5)) (0.6)
Requirement already satisfied: decorator==5.1.1 in /n/home07/ocheng/.local/lib/python3.8/site-packages (from -r ./../../requirements.txt (line 6)) (5.1.1)
Requirement already satisfied: dm-haiku==0.0.7 in /n/home07/ocheng/.local/lib/python3.8/site-packages (from -r ./../../requirements.txt (line 7)) (0.0.7)
Requirement already satisfied: dm-tree==0.1.7 in /n/home07/ocheng/.local/lib/python3.8/site-packages (from -r ./../../requirements.txt (line 8)) (0.1.7)
Requirement already satisfied: etils==0.6.0 in /n/home07/ocheng/.local/lib/python3.8/site-packages (from -r ./../../requirements.txt (line 9)) (0.6.0)
Requirement already satisfied: flatbuffers==2.0 in /n/home07/ocheng/.local/lib/python3.8/site-packages (from -r ./../../requirements.txt (line 10)) (2.0)
Requirement already satisfied: fonttools==4.34.4 in /n/home07/ocheng/.local/lib/python3.8/site-packages (from -r ./../../requirements.txt (line 11)) (4.34.4)
Requirement already satisfied: gast==0.5.3 in /n/home07/ocheng/.local/lib/python3.8/site-packages (from -r ./../../requirements.txt (line 12)) (0.5.3)
Requirement already satisfied: importlib-resources==5.8.0 in /n/home07/ocheng/.local/lib/python3.8/site-packages (from -r ./../../requirements.txt (line 13)) (5.8.0)
Requirement already satisfied: jax==0.3.23 in /n/home07/ocheng/.local/lib/python3.8/site-packages (from -r ./../../requirements.txt (line 14)) (0.3.23)
Requirement already satisfied: jax-md==0.2.0 in /n/home07/ocheng/.local/lib/python3.8/site-packages (from -r ./../../requirements.txt (line 15)) (0.2.0)
Requirement already satisfied: jaxlib==0.3.22 in /n/home07/ocheng/.local/lib/python3.8/site-packages (from -r ./../../requirements.txt (line 16)) (0.3.22+cuda11.cudnn82)
Requirement already satisfied: jmp==0.0.2 in /n/home07/ocheng/.local/lib/python3.8/site-packages (from -r ./../../requirements.txt (line 17)) (0.0.2)
Requirement already satisfied: jraph==0.0.5.dev0 in /n/home07/ocheng/.local/lib/python3.8/site-packages (from -r ./../../requirements.txt (line 18)) (0.0.5.dev0)
Requirement already satisfied: kiwisolver==1.4.3 in /n/home07/ocheng/.local/lib/python3.8/site-packages (from -r ./../../requirements.txt (line 19)) (1.4.3)
Requirement already satisfied: matplotlib==3.5.2 in /n/home07/ocheng/.local/lib/python3.8/site-packages (from -r ./../../requirements.txt (line 20)) (3.5.2)
Requirement already satisfied: numpy==1.22.4 in /n/home07/ocheng/.local/lib/python3.8/site-packages (from -r ./../../requirements.txt (line 21)) (1.22.4)
Requirement already satisfied: opt-einsum==3.3.0 in /n/home07/ocheng/.local/lib/python3.8/site-packages (from -r ./../../requirements.txt (line 22)) (3.3.0)
Requirement already satisfied: packaging==21.3 in /n/home07/ocheng/.local/lib/python3.8/site-packages (from -r ./../../requirements.txt (line 23)) (21.3)
Requirement already satisfied: pandas==1.4.3 in /n/home07/ocheng/.local/lib/python3.8/site-packages (from -r ./../../requirements.txt (line 24)) (1.4.3)
Requirement already satisfied: Pillow==9.2.0 in /n/home07/ocheng/.local/lib/python3.8/site-packages (from -r ./../../requirements.txt (line 25)) (9.2.0)
Requirement already satisfied: pyparsing==3.0.9 in /n/home07/ocheng/.local/lib/python3.8/site-packages (from -r ./../../requirements.txt (line 26)) (3.0.9)
Requirement already satisfied: python-dateutil==2.8.2 in /n/home07/ocheng/.local/lib/python3.8/site-packages (from -r ./../../requirements.txt (line 27)) (2.8.2)
Requirement already satisfied: pytz==2022.1 in /n/home07/ocheng/.local/lib/python3.8/site-packages (from -r ./../../requirements.txt (line 28)) (2022.1)
Requirement already satisfied: scipy==1.7.3 in /n/home07/ocheng/.local/lib/python3.8/site-packages (from -r ./../../requirements.txt (line 29)) (1.7.3)
Requirement already satisfied: seaborn==0.11.2 in /n/home07/ocheng/.local/lib/python3.8/site-packages (from -r ./../../requirements.txt (line 30)) (0.11.2)
Requirement already satisfied: six==1.16.0 in /n/home07/ocheng/.local/lib/python3.8/site-packages (from -r ./../../requirements.txt (line 31)) (1.16.0)
Requirement already satisfied: tabulate==0.8.10 in /n/home07/ocheng/.local/lib/python3.8/site-packages (from -r ./../../requirements.txt (line 32)) (0.8.10)
Requirement already satisfied: tensorflow-probability==0.17.0 in /n/home07/ocheng/.local/lib/python3.8/site-packages (from -r ./../../requirements.txt (line 33)) (0.17.0)
Requirement already satisfied: tqdm==4.64.0 in /n/home07/ocheng/.local/lib/python3.8/site-packages (from -r ./../../requirements.txt (line 34)) (4.64.0)
Requirement already satisfied: typing==3.7.4.3 in /n/home07/ocheng/.local/lib/python3.8/site-packages (from -r ./../../requirements.txt (line 35)) (3.7.4.3)
Requirement already satisfied: typing_extensions==4.3.0 in /n/home07/ocheng/.local/lib/python3.8/site-packages (from -r ./../../requirements.txt (line 36)) (4.3.0)
Requirement already satisfied: zipp==3.8.1 in /n/home07/ocheng/.local/lib/python3.8/site-packages (from -r ./../../requirements.txt (line 37)) (3.8.1)
Defaulting to user installation because normal site-packages is not writeable
Looking in links: https://storage.googleapis.com/jax-releases/jax_cuda_releases.html
Requirement already satisfied: jax[cuda11_cudnn82] in /n/home07/ocheng/.local/lib/python3.8/site-packages (0.3.23)
Requirement already satisfied: absl-py in /n/home07/ocheng/.local/lib/python3.8/site-packages (from jax[cuda11_cudnn82]) (1.1.0)
Requirement already satisfied: typing-extensions in /n/home07/ocheng/.local/lib/python3.8/site-packages (from jax[cuda11_cudnn82]) (4.3.0)
Requirement already satisfied: etils[epath] in /n/home07/ocheng/.local/lib/python3.8/site-packages (from jax[cuda11_cudnn82]) (0.6.0)
Requirement already satisfied: scipy>=1.5 in /n/home07/ocheng/.local/lib/python3.8/site-packages (from jax[cuda11_cudnn82]) (1.7.3)
Requirement already satisfied: numpy>=1.20 in /n/home07/ocheng/.local/lib/python3.8/site-packages (from jax[cuda11_cudnn82]) (1.22.4)
Requirement already satisfied: opt-einsum in /n/home07/ocheng/.local/lib/python3.8/site-packages (from jax[cuda11_cudnn82]) (3.3.0)
Requirement already satisfied: jaxlib==0.3.22+cuda11.cudnn82 in /n/home07/ocheng/.local/lib/python3.8/site-packages (from jax[cuda11_cudnn82]) (0.3.22+cuda11.cudnn82)
Requirement already satisfied: importlib_resources in /n/home07/ocheng/.local/lib/python3.8/site-packages (from etils[epath]->jax[cuda11_cudnn82]) (5.8.0)
Requirement already satisfied: zipp in /n/home07/ocheng/.local/lib/python3.8/site-packages (from etils[epath]->jax[cuda11_cudnn82]) (3.8.1)
